<!DOCTYPE html>
<html>
<head>
<title></title>
</head>
<body>
<table>
<tr>
<td>some html</td>
</tr>
</table>
<!-- Hello world -->
<form><input type="submit" name="input"></form>
</body>
</html>